// Vitest Snapshot v1, https://vitest.dev/guide/snapshot.html

exports[`given button is enabled > then it matches the snapshot 1`] = `
"<div>
  <button style="
    background-color: var(--btn-secondary-background-color, transparent);
    border-bottom-style: solid;
    border-bottom-width: 1px;
    border-bottom: 1px solid;
    border-left-style: solid;
    border-left-width: 1px;
    border-right-style: solid;
    border-right-width: 1px;
    border-top-style: solid;
    border-top-width: 1px;
    border-top: 1px solid;
    color: var(
            --btn-secondary-foreground-color,
            var(--color-foreground-accent)
        );
    font-family: inherit;
    font-size: var(--font-size-default);
    min-height: 40px;
    min-width: 88px;
    padding-bottom: 9.5px;
    padding-left: 20px;
    padding-right: 20px;
    padding-top: 9.5px;
    transition: all var(--motion-duration-short-3)
            var(--motion-easing-quick-enter);
    vertical-align: bottom
  ">
    Button
  </button>
</div>"
`;
